// Jest Snapshot v1, https://goo.gl/fbAQLP

exports[`categories views shows categories 1`] = `
"<ul>
  <li>Bird</li>
</ul>"
`;

exports[`categories views shows errors 1`] = `
"<div>
  <h1>An error has occurred</h1>
  <div>Error: Something went wrong</div>
</div>"
`;
